------------------------------------------------------------
Timing Analyzer Summary
------------------------------------------------------------

Type  : Slow 1200mV 85C Model Setup 'FskMod_inst|pll200_inst|altpll_component|auto_generated|pll1|clk[0]'
Slack : 1.112
TNS   : 0.000

Type  : Slow 1200mV 85C Model Setup 'clk'
Slack : 15.841
TNS   : 0.000

Type  : Slow 1200mV 85C Model Hold 'FskMod_inst|pll200_inst|altpll_component|auto_generated|pll1|clk[0]'
Slack : 0.438
TNS   : 0.000

Type  : Slow 1200mV 85C Model Hold 'clk'
Slack : 0.760
TNS   : 0.000

Type  : Slow 1200mV 85C Model Minimum Pulse Width 'FskMod_inst|pll200_inst|altpll_component|auto_generated|pll1|clk[0]'
Slack : 0.799
TNS   : 0.000

Type  : Slow 1200mV 85C Model Minimum Pulse Width 'clk'
Slack : 9.661
TNS   : 0.000

Type  : Slow 1200mV 0C Model Setup 'FskMod_inst|pll200_inst|altpll_component|auto_generated|pll1|clk[0]'
Slack : 1.526
TNS   : 0.000

Type  : Slow 1200mV 0C Model Setup 'clk'
Slack : 16.177
TNS   : 0.000

Type  : Slow 1200mV 0C Model Hold 'FskMod_inst|pll200_inst|altpll_component|auto_generated|pll1|clk[0]'
Slack : 0.416
TNS   : 0.000

Type  : Slow 1200mV 0C Model Hold 'clk'
Slack : 0.704
TNS   : 0.000

Type  : Slow 1200mV 0C Model Minimum Pulse Width 'FskMod_inst|pll200_inst|altpll_component|auto_generated|pll1|clk[0]'
Slack : 0.799
TNS   : 0.000

Type  : Slow 1200mV 0C Model Minimum Pulse Width 'clk'
Slack : 9.669
TNS   : 0.000

Type  : Fast 1200mV 0C Model Setup 'FskMod_inst|pll200_inst|altpll_component|auto_generated|pll1|clk[0]'
Slack : 3.139
TNS   : 0.000

Type  : Fast 1200mV 0C Model Setup 'clk'
Slack : 18.155
TNS   : 0.000

Type  : Fast 1200mV 0C Model Hold 'FskMod_inst|pll200_inst|altpll_component|auto_generated|pll1|clk[0]'
Slack : 0.144
TNS   : 0.000

Type  : Fast 1200mV 0C Model Hold 'clk'
Slack : 0.303
TNS   : 0.000

Type  : Fast 1200mV 0C Model Minimum Pulse Width 'FskMod_inst|pll200_inst|altpll_component|auto_generated|pll1|clk[0]'
Slack : 2.232
TNS   : 0.000

Type  : Fast 1200mV 0C Model Minimum Pulse Width 'clk'
Slack : 9.372
TNS   : 0.000

------------------------------------------------------------
