Info: Starting: Create simulation model
Info: qsys-generate C:\Users\86150\Desktop\AM_ASK\ip\nco\carrier.qsys --simulation=VERILOG --allow-mixed-language-simulation --output-directory=C:\Users\86150\Desktop\AM_ASK\ip\nco\carrier\simulation --family="Cyclone IV E" --part=EP4CE6F17C8
Progress: Loading nco/carrier.qsys
Progress: Reading input file
Progress: Adding nco_ii_0 [altera_nco_ii 18.1]
Progress: Parameterizing module nco_ii_0
Progress: Building connections
Progress: Parameterizing connections
Progress: Validating
Progress: Done reading input file
Info: carrier: Generating carrier "carrier" for SIM_VERILOG
Info: nco_ii_0: "carrier" instantiated altera_nco_ii "nco_ii_0"
Info: carrier: Done "carrier" with 2 modules, 32 files
Info: qsys-generate succeeded.
Info: Finished: Create simulation model
Info: Starting: Create Modelsim Project.
Info: sim-script-gen --spd=C:\Users\86150\Desktop\AM_ASK\ip\nco\carrier\carrier.spd --output-directory=C:/Users/86150/Desktop/AM_ASK/ip/nco/carrier/simulation/ --use-relative-paths=true
Info: Doing: ip-make-simscript --spd=C:\Users\86150\Desktop\AM_ASK\ip\nco\carrier\carrier.spd --output-directory=C:/Users/86150/Desktop/AM_ASK/ip/nco/carrier/simulation/ --use-relative-paths=true
Info: Generating the following file(s) for MODELSIM simulator in C:/Users/86150/Desktop/AM_ASK/ip/nco/carrier/simulation/ directory:
Info: 	mentor/msim_setup.tcl
Info: Generating the following file(s) for VCS simulator in C:/Users/86150/Desktop/AM_ASK/ip/nco/carrier/simulation/ directory:
Info: 	synopsys/vcs/vcs_setup.sh
Info: Generating the following file(s) for VCSMX simulator in C:/Users/86150/Desktop/AM_ASK/ip/nco/carrier/simulation/ directory:
Info: 	synopsys/vcsmx/synopsys_sim.setup
Info: 	synopsys/vcsmx/vcsmx_setup.sh
Info: Generating the following file(s) for NCSIM simulator in C:/Users/86150/Desktop/AM_ASK/ip/nco/carrier/simulation/ directory:
Info: 	cadence/cds.lib
Info: 	cadence/hdl.var
Info: 	cadence/ncsim_setup.sh
Info: 	1 .cds.lib files in cadence/cds_libs/ directory
Info: Generating the following file(s) for RIVIERA simulator in C:/Users/86150/Desktop/AM_ASK/ip/nco/carrier/simulation/ directory:
Info: 	aldec/rivierapro_setup.tcl
Info: For information on how to simulate your IP, see the explanatory comments in the simulator-specific subdirectories under C:/Users/86150/Desktop/AM_ASK/ip/nco/carrier/simulation/.
Info: Regenerate these scripts whenever you make any change to any Quartus-generated IP in your project.
Info: Finished: Create Modelsim Project.
Info: Starting: Create block symbol file (.bsf)
Info: qsys-generate C:\Users\86150\Desktop\AM_ASK\ip\nco\carrier.qsys --block-symbol-file --output-directory=C:\Users\86150\Desktop\AM_ASK\ip\nco\carrier --family="Cyclone IV E" --part=EP4CE6F17C8
Progress: Loading nco/carrier.qsys
Progress: Reading input file
Progress: Adding nco_ii_0 [altera_nco_ii 18.1]
Progress: Parameterizing module nco_ii_0
Progress: Building connections
Progress: Parameterizing connections
Progress: Validating
Progress: Done reading input file
Info: qsys-generate succeeded.
Info: Finished: Create block symbol file (.bsf)
Info: 
Info: Starting: Create HDL design files for synthesis
Info: qsys-generate C:\Users\86150\Desktop\AM_ASK\ip\nco\carrier.qsys --synthesis=VERILOG --greybox --output-directory=C:\Users\86150\Desktop\AM_ASK\ip\nco\carrier\synthesis --family="Cyclone IV E" --part=EP4CE6F17C8
Progress: Loading nco/carrier.qsys
Progress: Reading input file
Progress: Adding nco_ii_0 [altera_nco_ii 18.1]
Progress: Parameterizing module nco_ii_0
Progress: Building connections
Progress: Parameterizing connections
Progress: Validating
Progress: Done reading input file
Info: carrier: Generating carrier "carrier" for QUARTUS_SYNTH
Info: nco_ii_0: "carrier" instantiated altera_nco_ii "nco_ii_0"
Info: carrier: Done "carrier" with 2 modules, 19 files
Info: Generating third-party timing and resource estimation model ...
Info: Done generating third-party timing and resource estimation model.
Info: qsys-generate succeeded.
Info: Finished: Create HDL design files for synthesis
