Flow report for Firtest
Sun Mar 06 22:46:48 2022
Quartus Prime Version 18.1.0 Build 625 09/12/2018 SJ Standard Edition


---------------------
; Table of Contents ;
---------------------
  1. Legal Notice
  2. Flow Summary
  3. Flow Settings
  4. Flow Non-Default Global Settings
  5. Flow Elapsed Time
  6. Flow OS Summary
  7. Flow Log
  8. Flow Messages
  9. Flow Suppressed Messages



----------------
; Legal Notice ;
----------------
Copyright (C) 2018  Intel Corporation. All rights reserved.
Your use of Intel Corporation's design tools, logic functions 
and other software and tools, and its AMPP partner logic 
functions, and any output files from any of the foregoing 
(including device programming or simulation files), and any 
associated documentation or information are expressly subject 
to the terms and conditions of the Intel Program License 
Subscription Agreement, the Intel Quartus Prime License Agreement,
the Intel FPGA IP License Agreement, or other applicable license
agreement, including, without limitation, that your use is for
the sole purpose of programming logic devices manufactured by
Intel and sold by Intel or its authorized distributors.  Please
refer to the applicable agreement for further details.



+--------------------------------------------------------------------------------------+
; Flow Summary                                                                         ;
+------------------------------------+-------------------------------------------------+
; Flow Status                        ; Successful - Sun Mar 06 22:46:48 2022           ;
; Quartus Prime Version              ; 18.1.0 Build 625 09/12/2018 SJ Standard Edition ;
; Revision Name                      ; Firtest                                         ;
; Top-level Entity Name              ; FirIPCore                                       ;
; Family                             ; Cyclone IV E                                    ;
; Device                             ; EP4CE15F23C8                                    ;
; Timing Models                      ; Final                                           ;
; Total logic elements               ; 3,919 / 15,408 ( 25 % )                         ;
;     Total combinational functions  ; 1,351 / 15,408 ( 9 % )                          ;
;     Dedicated logic registers      ; 3,902 / 15,408 ( 25 % )                         ;
; Total registers                    ; 3902                                            ;
; Total pins                         ; 28 / 344 ( 8 % )                                ;
; Total virtual pins                 ; 0                                               ;
; Total memory bits                  ; 36 / 516,096 ( < 1 % )                          ;
; Embedded Multiplier 9-bit elements ; 102 / 112 ( 91 % )                              ;
; Total PLLs                         ; 0 / 4 ( 0 % )                                   ;
+------------------------------------+-------------------------------------------------+


+-----------------------------------------+
; Flow Settings                           ;
+-------------------+---------------------+
; Option            ; Setting             ;
+-------------------+---------------------+
; Start date & time ; 03/06/2022 22:45:53 ;
; Main task         ; Compilation         ;
; Revision Name     ; Firtest             ;
+-------------------+---------------------+


+-----------------------------------------------------------------------------------------------------------------------------------------------------------+
; Flow Non-Default Global Settings                                                                                                                          ;
+--------------------------------------+---------------------------------------------------------------------+---------------+-------------+----------------+
; Assignment Name                      ; Value                                                               ; Default Value ; Entity Name ; Section Id     ;
+--------------------------------------+---------------------------------------------------------------------+---------------+-------------+----------------+
; COMPILER_SIGNATURE_ID                ; 154027290586572.164657795309872                                     ; --            ; --          ; --             ;
; EDA_DESIGN_INSTANCE_NAME             ; i1                                                                  ; --            ; --          ; FirIPCore      ;
; EDA_NATIVELINK_SIMULATION_TEST_BENCH ; FirIPCore                                                           ; --            ; --          ; eda_simulation ;
; EDA_OUTPUT_DATA_FORMAT               ; Verilog Hdl                                                         ; --            ; --          ; eda_simulation ;
; EDA_SIMULATION_TOOL                  ; ModelSim-Altera (Verilog)                                           ; <None>        ; --          ; --             ;
; EDA_TEST_BENCH_ENABLE_STATUS         ; TEST_BENCH_MODE                                                     ; --            ; --          ; eda_simulation ;
; EDA_TEST_BENCH_FILE                  ; simulation/modelsim/FirIPCore.vt                                    ; --            ; --          ; FirIPCore      ;
; EDA_TEST_BENCH_MODULE_NAME           ; FirIPCore_vlg_tst                                                   ; --            ; --          ; FirIPCore      ;
; EDA_TEST_BENCH_NAME                  ; FirIPCore                                                           ; --            ; --          ; eda_simulation ;
; EDA_TIME_SCALE                       ; 1 ps                                                                ; --            ; --          ; eda_simulation ;
; MAX_CORE_JUNCTION_TEMP               ; 85                                                                  ; --            ; --          ; --             ;
; MIN_CORE_JUNCTION_TEMP               ; 0                                                                   ; --            ; --          ; --             ;
; MISC_FILE                            ; ip/filter/firip.cmp                                                 ; --            ; --          ; --             ;
; MISC_FILE                            ; ip/filter/firip_sim/dspba_library_package.vhd                       ; --            ; --          ; --             ;
; MISC_FILE                            ; ip/filter/firip_sim/dspba_library.vhd                               ; --            ; --          ; --             ;
; MISC_FILE                            ; ip/filter/firip_sim/auk_dspip_math_pkg_hpfir.vhd                    ; --            ; --          ; --             ;
; MISC_FILE                            ; ip/filter/firip_sim/auk_dspip_lib_pkg_hpfir.vhd                     ; --            ; --          ; --             ;
; MISC_FILE                            ; ip/filter/firip_sim/auk_dspip_avalon_streaming_controller_hpfir.vhd ; --            ; --          ; --             ;
; MISC_FILE                            ; ip/filter/firip_sim/auk_dspip_avalon_streaming_sink_hpfir.vhd       ; --            ; --          ; --             ;
; MISC_FILE                            ; ip/filter/firip_sim/auk_dspip_avalon_streaming_source_hpfir.vhd     ; --            ; --          ; --             ;
; MISC_FILE                            ; ip/filter/firip_sim/auk_dspip_roundsat_hpfir.vhd                    ; --            ; --          ; --             ;
; MISC_FILE                            ; ip/filter/firip_sim/altera_avalon_sc_fifo.v                         ; --            ; --          ; --             ;
; MISC_FILE                            ; ip/filter/firip_sim/firip_rtl_core.vhd                              ; --            ; --          ; --             ;
; MISC_FILE                            ; ip/filter/firip_sim/firip_ast.vhd                                   ; --            ; --          ; --             ;
; MISC_FILE                            ; ip/filter/firip_sim/firip.vhd                                       ; --            ; --          ; --             ;
; MISC_FILE                            ; ip/filter/firip_sim/firip_nativelink.tcl                            ; --            ; --          ; --             ;
; MISC_FILE                            ; ip/filter/firip_sim/firip_msim.tcl                                  ; --            ; --          ; --             ;
; MISC_FILE                            ; ip/filter/firip_sim/firip_tb.vhd                                    ; --            ; --          ; --             ;
; MISC_FILE                            ; ip/filter/firip_sim/firip_mlab.m                                    ; --            ; --          ; --             ;
; MISC_FILE                            ; ip/filter/firip_sim/firip_model.m                                   ; --            ; --          ; --             ;
; MISC_FILE                            ; ip/filter/firip_sim/firip_coef_int.txt                              ; --            ; --          ; --             ;
; MISC_FILE                            ; ip/filter/firip_sim/firip_input.txt                                 ; --            ; --          ; --             ;
; MISC_FILE                            ; ip/filter/firip_sim/firip_param.txt                                 ; --            ; --          ; --             ;
; NOMINAL_CORE_SUPPLY_VOLTAGE          ; 1.2V                                                                ; --            ; --          ; --             ;
; PARTITION_COLOR                      ; -- (Not supported for targeted family)                              ; --            ; FirIPCore   ; Top            ;
; PARTITION_FITTER_PRESERVATION_LEVEL  ; -- (Not supported for targeted family)                              ; --            ; FirIPCore   ; Top            ;
; PARTITION_NETLIST_TYPE               ; -- (Not supported for targeted family)                              ; --            ; FirIPCore   ; Top            ;
; POWER_BOARD_THERMAL_MODEL            ; None (CONSERVATIVE)                                                 ; --            ; --          ; --             ;
; POWER_PRESET_COOLING_SOLUTION        ; 23 MM HEAT SINK WITH 200 LFPM AIRFLOW                               ; --            ; --          ; --             ;
; PROJECT_OUTPUT_DIRECTORY             ; output_files                                                        ; --            ; --          ; --             ;
; SPD_FILE                             ; ip/filter/firip.spd                                                 ; --            ; --          ; --             ;
; SYNTHESIS_ONLY_QIP                   ; On                                                                  ; --            ; --          ; --             ;
; TOP_LEVEL_ENTITY                     ; FirIPCore                                                           ; Firtest       ; --          ; --             ;
+--------------------------------------+---------------------------------------------------------------------+---------------+-------------+----------------+


+--------------------------------------------------------------------------------------------------------------------------+
; Flow Elapsed Time                                                                                                        ;
+----------------------+--------------+-------------------------+---------------------+------------------------------------+
; Module Name          ; Elapsed Time ; Average Processors Used ; Peak Virtual Memory ; Total CPU Time (on all processors) ;
+----------------------+--------------+-------------------------+---------------------+------------------------------------+
; Analysis & Synthesis ; 00:00:16     ; 1.0                     ; 4853 MB             ; 00:00:30                           ;
; Fitter               ; 00:00:22     ; 1.1                     ; 5590 MB             ; 00:00:38                           ;
; Assembler            ; 00:00:02     ; 1.0                     ; 4687 MB             ; 00:00:01                           ;
; Timing Analyzer      ; 00:00:04     ; 1.5                     ; 4816 MB             ; 00:00:04                           ;
; EDA Netlist Writer   ; 00:00:05     ; 1.0                     ; 4683 MB             ; 00:00:05                           ;
; Total                ; 00:00:49     ; --                      ; --                  ; 00:01:18                           ;
+----------------------+--------------+-------------------------+---------------------+------------------------------------+


+------------------------------------------------------------------------------------+
; Flow OS Summary                                                                    ;
+----------------------+------------------+------------+------------+----------------+
; Module Name          ; Machine Hostname ; OS Name    ; OS Version ; Processor type ;
+----------------------+------------------+------------+------------+----------------+
; Analysis & Synthesis ; LAPTOP-7TUI81E5  ; Windows 10 ; 10.0       ; x86_64         ;
; Fitter               ; LAPTOP-7TUI81E5  ; Windows 10 ; 10.0       ; x86_64         ;
; Assembler            ; LAPTOP-7TUI81E5  ; Windows 10 ; 10.0       ; x86_64         ;
; Timing Analyzer      ; LAPTOP-7TUI81E5  ; Windows 10 ; 10.0       ; x86_64         ;
; EDA Netlist Writer   ; LAPTOP-7TUI81E5  ; Windows 10 ; 10.0       ; x86_64         ;
+----------------------+------------------+------------+------------+----------------+


------------
; Flow Log ;
------------
quartus_map --read_settings_files=on --write_settings_files=off Firtest -c Firtest
quartus_fit --read_settings_files=off --write_settings_files=off Firtest -c Firtest
quartus_asm --read_settings_files=off --write_settings_files=off Firtest -c Firtest
quartus_sta Firtest -c Firtest
quartus_eda --read_settings_files=off --write_settings_files=off Firtest -c Firtest



